1	1	1	1	4	4	6
1	1	1	1	4	4	6
2	2	3	3	4	4	7
2	2	5	5	4	4	7
2	2	5	5	4	4	7